========================================
# 01 (258) Mundo sublunar:	https://es.wikipedia.org/wiki/Mundo_sublunar 
# 02 (134) Exposición Especializada de Zaragoza (2008):	https://es.wikipedia.org/wiki/Exposici%C3%B3n_Internacional_de_Zaragoza_(2008) 
# 03 (672) Océano Atlántico:	https://es.wikipedia.org/wiki/Atl%C3%A1ntico 
# 04 (289) Grandes Lagos (América del Norte):	https://es.wikipedia.org/wiki/Grandes_Lagos_(Am%C3%A9rica_del_Norte) 
# 05 (595) Bolivia:	https://es.wikipedia.org/wiki/Bolivia 
# 06 ( 47) Theobroma cacao:	https://es.wikipedia.org/wiki/Cacao 
# 07 (370) Ecofeminismo:	https://es.wikipedia.org/wiki/Ecofeminismo 
# 08 (212) Adventure Time:	https://es.wikipedia.org/wiki/Adventure_Time 
# 09 (175) Ursus maritimus:	https://es.wikipedia.org/wiki/Oso_polar 
# 10 ( 34) Parque de la Ciudadela:	https://es.wikipedia.org/wiki/Parque_de_la_Ciudadela 
========================================
Number of results: 17
